../Drivers/App_Drivers/FLS/w25qxx.c:50:13:W25qxx_Spi	2088	static
../Drivers/App_Drivers/FLS/w25qxx.c:74:6:W25qxx_Init	24	static
../Drivers/App_Drivers/FLS/w25qxx.c:115:6:W25qxx_ReadUniqID	24	static
../Drivers/App_Drivers/FLS/w25qxx.c:129:6:W25qxx_WriteEnable	16	static
../Drivers/App_Drivers/FLS/w25qxx.c:149:6:W25qxx_WriteDisable	16	static
../Drivers/App_Drivers/FLS/w25qxx.c:169:6:W25qxx_WaitForWriteEnd	16	static
../Drivers/App_Drivers/FLS/w25qxx.c:188:6:W25qxx_ReadStatusRegister	24	static
../Drivers/App_Drivers/FLS/w25qxx.c:246:6:W25qxx_WriteStatusRegister	24	static
../Drivers/App_Drivers/FLS/w25qxx.c:302:6:W25qxx_EraseSector	24	static
../Drivers/App_Drivers/FLS/w25qxx.c:333:6:W25qxx_EraseBlock	24	static
../Drivers/App_Drivers/FLS/w25qxx.c:363:6:W25qxx_EraseChip	16	static
../Drivers/App_Drivers/FLS/w25qxx.c:593:6:W25qxx_WriteBytes	288	static
../Drivers/App_Drivers/FLS/w25qxx.c:623:6:W25qxx_WritePage	16	static
../Drivers/App_Drivers/FLS/w25qxx.c:637:6:W25qxx_WriteSector	24	static
../Drivers/App_Drivers/FLS/w25qxx.c:655:6:W25qxx_ReadBytes	2080	static
../Drivers/App_Drivers/FLS/w25qxx.c:680:6:W25qxx_ReadPage	16	static
../Drivers/App_Drivers/FLS/w25qxx.c:694:6:W25qxx_ReadSector	24	static
